`Qwen2VLRotaryEmbedding` can now be fully parameterized by passing the model config through the `config` argument. All other arguments will be removed in v4.46
Loading checkpoint shards:   0%|          | 0/2 [00:00<?, ?it/s]Loading checkpoint shards:  50%|█████     | 1/2 [00:02<00:02,  2.83s/it]Loading checkpoint shards: 100%|██████████| 2/2 [00:03<00:00,  1.45s/it]Loading checkpoint shards: 100%|██████████| 2/2 [00:03<00:00,  1.66s/it]
{"stage": 5, "task": "task1290_xsum_summarization", "n": 8, "teacher_forced_CE": 1.7439304143190384, "gradient_norm": 2.3810269832611084}
{"stage": 5, "task": "task002_quoref_answer_generation", "n": 8, "teacher_forced_CE": 0.23504398576915264, "gradient_norm": 6.273665904998779}
{"stage": 5, "task": "task1510_evalution_relation_extraction", "n": 8, "teacher_forced_CE": 0.07008569786557928, "gradient_norm": 6.32509708404541}
{"stage": 5, "task": "task1729_personachat_generate_next", "n": 8, "teacher_forced_CE": 2.4082723408937454, "gradient_norm": 3.9260072708129883}
{"stage": 5, "task": "task748_glucose_reverse_cause_event_detection", "n": 8, "teacher_forced_CE": 0.903907235711813, "gradient_norm": 4.029959201812744}
{"stage": 5, "task": "medical_mts_dialog_note", "n": 8, "teacher_forced_CE": 2.048124924302101, "gradient_norm": 8.000965118408203}
{"stage": 5, "task": "medical_iu_xray_impression", "n": 8, "teacher_forced_CE": 3.096229314804077, "gradient_norm": 30.735286712646484}
{"stage": 5, "task": "natural_vqav2", "n": 8, "teacher_forced_CE": 0.3593557446729392, "gradient_norm": 7.740340709686279}
{"stage": 5, "task": "medical_vqa_rad", "n": 8, "teacher_forced_CE": 0.5953847570344806, "gradient_norm": 5.558064937591553}
{"stage": 6, "task": "task1290_xsum_summarization", "n": 8, "teacher_forced_CE": 1.7628186792135239, "gradient_norm": 2.83148193359375}
{"stage": 6, "task": "task002_quoref_answer_generation", "n": 8, "teacher_forced_CE": 0.25509646418504417, "gradient_norm": 9.464414596557617}
{"stage": 6, "task": "task1510_evalution_relation_extraction", "n": 8, "teacher_forced_CE": 0.09657505666837096, "gradient_norm": 6.436439037322998}
{"stage": 6, "task": "task1729_personachat_generate_next", "n": 8, "teacher_forced_CE": 2.417497009038925, "gradient_norm": 4.115965366363525}
{"stage": 6, "task": "task748_glucose_reverse_cause_event_detection", "n": 8, "teacher_forced_CE": 0.8853308781981468, "gradient_norm": 4.251997470855713}
{"stage": 6, "task": "medical_mts_dialog_note", "n": 8, "teacher_forced_CE": 1.6595413088798523, "gradient_norm": 3.7319936752319336}
{"stage": 6, "task": "medical_iu_xray_impression", "n": 8, "teacher_forced_CE": 3.0470051169395447, "gradient_norm": 29.658361434936523}
{"stage": 6, "task": "natural_vqav2", "n": 8, "teacher_forced_CE": 0.3697715799789876, "gradient_norm": 7.732809066772461}
{"stage": 6, "task": "medical_vqa_rad", "n": 8, "teacher_forced_CE": 0.6301340330392122, "gradient_norm": 8.421026229858398}
{"stage": 7, "task": "task1290_xsum_summarization", "n": 8, "teacher_forced_CE": 1.7933431416749954, "gradient_norm": 5.025232791900635}
{"stage": 7, "task": "task002_quoref_answer_generation", "n": 8, "teacher_forced_CE": 0.3444483634084463, "gradient_norm": 12.548521995544434}
{"stage": 7, "task": "task1510_evalution_relation_extraction", "n": 8, "teacher_forced_CE": 0.13092856225557625, "gradient_norm": 9.5523042678833}
{"stage": 7, "task": "task1729_personachat_generate_next", "n": 8, "teacher_forced_CE": 2.4443067610263824, "gradient_norm": 5.237573623657227}
{"stage": 7, "task": "task748_glucose_reverse_cause_event_detection", "n": 8, "teacher_forced_CE": 0.9471996314823627, "gradient_norm": 10.30215835571289}
{"stage": 7, "task": "medical_mts_dialog_note", "n": 8, "teacher_forced_CE": 1.699412651360035, "gradient_norm": 6.791412830352783}
{"stage": 7, "task": "medical_iu_xray_impression", "n": 8, "teacher_forced_CE": 1.8224617093801498, "gradient_norm": 8.797508239746094}
{"stage": 7, "task": "natural_vqav2", "n": 8, "teacher_forced_CE": 0.3924886977765709, "gradient_norm": 10.573763847351074}
{"stage": 7, "task": "medical_vqa_rad", "n": 8, "teacher_forced_CE": 0.6881556138396263, "gradient_norm": 19.55171012878418}
{"stage": 8, "task": "task1290_xsum_summarization", "n": 8, "teacher_forced_CE": 1.800012156367302, "gradient_norm": 6.447549819946289}
{"stage": 8, "task": "task002_quoref_answer_generation", "n": 8, "teacher_forced_CE": 0.3784283185377717, "gradient_norm": 22.567134857177734}
{"stage": 8, "task": "task1510_evalution_relation_extraction", "n": 8, "teacher_forced_CE": 0.24167382158339024, "gradient_norm": 19.48155403137207}
{"stage": 8, "task": "task1729_personachat_generate_next", "n": 8, "teacher_forced_CE": 2.4764687716960907, "gradient_norm": 7.329993724822998}
{"stage": 8, "task": "task748_glucose_reverse_cause_event_detection", "n": 8, "teacher_forced_CE": 1.0346105881035328, "gradient_norm": 11.98679256439209}
{"stage": 8, "task": "medical_mts_dialog_note", "n": 8, "teacher_forced_CE": 1.788905382156372, "gradient_norm": 11.692655563354492}
{"stage": 8, "task": "medical_iu_xray_impression", "n": 8, "teacher_forced_CE": 1.81544928252697, "gradient_norm": 10.778969764709473}
{"stage": 8, "task": "natural_vqav2", "n": 8, "teacher_forced_CE": 0.33817574637942016, "gradient_norm": 13.948055267333984}
{"stage": 8, "task": "medical_vqa_rad", "n": 8, "teacher_forced_CE": 4.2222992815077305, "gradient_norm": 50.609642028808594}
{"stage": 9, "task": "task1290_xsum_summarization", "n": 8, "teacher_forced_CE": 1.7810308188199997, "gradient_norm": 4.431069374084473}
{"stage": 9, "task": "task002_quoref_answer_generation", "n": 8, "teacher_forced_CE": 0.4203021489083767, "gradient_norm": 17.25096893310547}
{"stage": 9, "task": "task1510_evalution_relation_extraction", "n": 8, "teacher_forced_CE": 0.26250801607966423, "gradient_norm": 17.660621643066406}
{"stage": 9, "task": "task1729_personachat_generate_next", "n": 8, "teacher_forced_CE": 2.430024430155754, "gradient_norm": 4.0723347663879395}
{"stage": 9, "task": "task748_glucose_reverse_cause_event_detection", "n": 8, "teacher_forced_CE": 0.9533774852752686, "gradient_norm": 6.619605541229248}
{"stage": 9, "task": "medical_mts_dialog_note", "n": 8, "teacher_forced_CE": 1.6927796825766563, "gradient_norm": 5.6729021072387695}
{"stage": 9, "task": "medical_iu_xray_impression", "n": 8, "teacher_forced_CE": 1.782650537788868, "gradient_norm": 6.1862897872924805}
{"stage": 9, "task": "natural_vqav2", "n": 8, "teacher_forced_CE": 0.4366188938729465, "gradient_norm": 9.834404945373535}
{"stage": 9, "task": "medical_vqa_rad", "n": 8, "teacher_forced_CE": 0.6074822619557381, "gradient_norm": 5.007722854614258}
Gradient audit complete.
