`Qwen2VLRotaryEmbedding` can now be fully parameterized by passing the model config through the `config` argument. All other arguments will be removed in v4.46
Loading checkpoint shards:   0%|          | 0/2 [00:00<?, ?it/s]Loading checkpoint shards:  50%|█████     | 1/2 [00:02<00:02,  2.81s/it]Loading checkpoint shards: 100%|██████████| 2/2 [00:03<00:00,  1.38s/it]Loading checkpoint shards: 100%|██████████| 2/2 [00:03<00:00,  1.59s/it]
/data2/liyapeng_grp/program/LLMCL/.conda-env/lib/python3.10/site-packages/transformers/generation/configuration_utils.py:590: UserWarning: `do_sample` is set to `False`. However, `temperature` is set to `0.01` -- this flag is only used in sample-based generation modes. You should set `do_sample=True` or unset `temperature`.
  warnings.warn(
/data2/liyapeng_grp/program/LLMCL/.conda-env/lib/python3.10/site-packages/transformers/generation/configuration_utils.py:595: UserWarning: `do_sample` is set to `False`. However, `top_p` is set to `0.001` -- this flag is only used in sample-based generation modes. You should set `do_sample=True` or unset `top_p`.
  warnings.warn(
/data2/liyapeng_grp/program/LLMCL/.conda-env/lib/python3.10/site-packages/transformers/generation/configuration_utils.py:612: UserWarning: `do_sample` is set to `False`. However, `top_k` is set to `1` -- this flag is only used in sample-based generation modes. You should set `do_sample=True` or unset `top_k`.
  warnings.warn(
{"stage": 0, "mode": "actual512", "done": 1}
{"stage": 0, "mode": "actual512", "done": 2}
{"stage": 0, "mode": "actual512", "done": 3}
{"stage": 0, "mode": "actual512", "done": 4}
{"stage": 0, "mode": "actual512", "done": 5}
{"stage": 0, "mode": "actual512", "done": 6}
{"stage": 0, "mode": "actual512", "done": 7}
{"stage": 0, "mode": "actual512", "done": 8}
{"stage": 0, "mode": "actual512", "done": 9}
{"stage": 0, "mode": "actual512", "done": 10}
{"stage": 0, "mode": "actual512", "done": 11}
{"stage": 0, "mode": "actual512", "done": 12}
{"stage": 0, "mode": "actual512", "done": 13}
{"stage": 0, "mode": "actual512", "done": 14}
{"stage": 0, "mode": "actual512", "done": 15}
{"stage": 0, "mode": "actual512", "done": 16}
{"stage": 0, "mode": "actual512", "done": 17}
{"stage": 0, "mode": "actual512", "done": 18}
{"stage": 0, "mode": "actual512", "done": 19}
{"stage": 0, "mode": "actual512", "done": 20}
{"stage": 0, "mode": "actual512", "done": 21}
{"stage": 0, "mode": "actual512", "done": 22}
{"stage": 0, "mode": "actual512", "done": 23}
{"stage": 0, "mode": "actual512", "done": 24}
{"stage": 0, "mode": "actual512", "done": 25}
{"stage": 0, "mode": "actual512", "done": 26}
{"stage": 0, "mode": "actual512", "done": 27}
{"stage": 0, "mode": "actual512", "done": 28}
{"stage": 0, "mode": "actual512", "done": 29}
{"stage": 0, "mode": "actual512", "done": 30}
{"stage": 0, "mode": "actual512", "done": 31}
{"stage": 0, "mode": "actual512", "done": 32}
{"stage": 0, "mode": "actual512", "done": 33}
{"stage": 0, "mode": "actual512", "done": 34}
{"stage": 0, "mode": "actual512", "done": 35}
{"stage": 0, "mode": "actual512", "done": 36}
{"stage": 0, "mode": "actual512", "done": 37}
{"stage": 0, "mode": "actual512", "done": 38}
{"stage": 0, "mode": "actual512", "done": 39}
{"stage": 0, "mode": "actual512", "done": 40}
{"stage": 0, "mode": "actual512", "done": 41}
{"stage": 0, "mode": "actual512", "done": 42}
{"stage": 0, "mode": "actual512", "done": 43}
{"stage": 0, "mode": "actual512", "done": 44}
{"stage": 0, "mode": "actual512", "done": 45}
{"stage": 0, "mode": "actual512", "done": 46}
{"stage": 0, "mode": "actual512", "done": 47}
{"stage": 0, "mode": "actual512", "done": 48}
{"stage": 0, "mode": "actual512", "done": 49}
{"stage": 0, "mode": "actual512", "done": 50}
{"stage": 0, "mode": "actual512", "done": 51}
{"stage": 0, "mode": "actual512", "done": 52}
{"stage": 0, "mode": "actual512", "done": 53}
{"stage": 0, "mode": "actual512", "done": 54}
{"stage": 0, "mode": "actual512", "done": 55}
{"stage": 0, "mode": "actual512", "done": 56}
{"stage": 0, "mode": "actual512", "done": 57}
{"stage": 0, "mode": "actual512", "done": 58}
{"stage": 0, "mode": "actual512", "done": 59}
{"stage": 0, "mode": "actual512", "done": 60}
{"stage": 9, "mode": "actual128", "done": 4}
{"stage": 9, "mode": "actual128", "done": 8}
{"stage": 9, "mode": "actual128", "done": 12}
{"stage": 9, "mode": "actual128", "done": 16}
{"stage": 9, "mode": "actual128", "done": 20}
{"stage": 9, "mode": "actual128", "done": 24}
{"stage": 9, "mode": "actual128", "done": 28}
{"stage": 9, "mode": "actual128", "done": 32}
{"stage": 9, "mode": "actual128", "done": 36}
{"stage": 9, "mode": "actual128", "done": 40}
{"stage": 9, "mode": "actual128", "done": 44}
{"stage": 9, "mode": "actual128", "done": 48}
{"stage": 9, "mode": "actual128", "done": 52}
{"stage": 9, "mode": "actual128", "done": 56}
{"stage": 9, "mode": "actual128", "done": 60}
{"stage": 9, "mode": "wrong128", "done": 4}
{"stage": 9, "mode": "wrong128", "done": 8}
{"stage": 9, "mode": "wrong128", "done": 12}
{"stage": 9, "mode": "wrong128", "done": 16}
{"stage": 9, "mode": "wrong128", "done": 20}
{"stage": 9, "mode": "wrong128", "done": 24}
{"stage": 9, "mode": "wrong128", "done": 28}
{"stage": 9, "mode": "wrong128", "done": 32}
{"stage": 9, "mode": "wrong128", "done": 36}
{"stage": 9, "mode": "wrong128", "done": 40}
{"stage": 9, "mode": "wrong128", "done": 44}
{"stage": 9, "mode": "wrong128", "done": 48}
{"stage": 9, "mode": "wrong128", "done": 52}
{"stage": 9, "mode": "wrong128", "done": 56}
{"stage": 9, "mode": "wrong128", "done": 60}
{"stage": 9, "mode": "no_image", "done": 4}
{"stage": 9, "mode": "no_image", "done": 8}
{"stage": 9, "mode": "no_image", "done": 12}
{"stage": 9, "mode": "no_image", "done": 16}
{"stage": 9, "mode": "no_image", "done": 20}
{"stage": 9, "mode": "no_image", "done": 24}
{"stage": 9, "mode": "no_image", "done": 28}
{"stage": 9, "mode": "no_image", "done": 32}
{"stage": 9, "mode": "no_image", "done": 36}
{"stage": 9, "mode": "no_image", "done": 40}
{"stage": 9, "mode": "no_image", "done": 44}
{"stage": 9, "mode": "no_image", "done": 48}
{"stage": 9, "mode": "no_image", "done": 52}
{"stage": 9, "mode": "no_image", "done": 56}
{"stage": 9, "mode": "no_image", "done": 60}
{"stage": 9, "mode": "actual512", "done": 1}
{"stage": 9, "mode": "actual512", "done": 2}
{"stage": 9, "mode": "actual512", "done": 3}
{"stage": 9, "mode": "actual512", "done": 4}
{"stage": 9, "mode": "actual512", "done": 5}
{"stage": 9, "mode": "actual512", "done": 6}
{"stage": 9, "mode": "actual512", "done": 7}
{"stage": 9, "mode": "actual512", "done": 8}
{"stage": 9, "mode": "actual512", "done": 9}
{"stage": 9, "mode": "actual512", "done": 10}
{"stage": 9, "mode": "actual512", "done": 11}
{"stage": 9, "mode": "actual512", "done": 12}
{"stage": 9, "mode": "actual512", "done": 13}
{"stage": 9, "mode": "actual512", "done": 14}
{"stage": 9, "mode": "actual512", "done": 15}
{"stage": 9, "mode": "actual512", "done": 16}
{"stage": 9, "mode": "actual512", "done": 17}
{"stage": 9, "mode": "actual512", "done": 18}
{"stage": 9, "mode": "actual512", "done": 19}
{"stage": 9, "mode": "actual512", "done": 20}
{"stage": 9, "mode": "actual512", "done": 21}
{"stage": 9, "mode": "actual512", "done": 22}
{"stage": 9, "mode": "actual512", "done": 23}
{"stage": 9, "mode": "actual512", "done": 24}
{"stage": 9, "mode": "actual512", "done": 25}
{"stage": 9, "mode": "actual512", "done": 26}
{"stage": 9, "mode": "actual512", "done": 27}
{"stage": 9, "mode": "actual512", "done": 28}
{"stage": 9, "mode": "actual512", "done": 29}
{"stage": 9, "mode": "actual512", "done": 30}
{"stage": 9, "mode": "actual512", "done": 31}
{"stage": 9, "mode": "actual512", "done": 32}
{"stage": 9, "mode": "actual512", "done": 33}
{"stage": 9, "mode": "actual512", "done": 34}
{"stage": 9, "mode": "actual512", "done": 35}
{"stage": 9, "mode": "actual512", "done": 36}
{"stage": 9, "mode": "actual512", "done": 37}
{"stage": 9, "mode": "actual512", "done": 38}
{"stage": 9, "mode": "actual512", "done": 39}
{"stage": 9, "mode": "actual512", "done": 40}
{"stage": 9, "mode": "actual512", "done": 41}
{"stage": 9, "mode": "actual512", "done": 42}
{"stage": 9, "mode": "actual512", "done": 43}
{"stage": 9, "mode": "actual512", "done": 44}
{"stage": 9, "mode": "actual512", "done": 45}
{"stage": 9, "mode": "actual512", "done": 46}
{"stage": 9, "mode": "actual512", "done": 47}
{"stage": 9, "mode": "actual512", "done": 48}
{"stage": 9, "mode": "actual512", "done": 49}
{"stage": 9, "mode": "actual512", "done": 50}
{"stage": 9, "mode": "actual512", "done": 51}
{"stage": 9, "mode": "actual512", "done": 52}
{"stage": 9, "mode": "actual512", "done": 53}
{"stage": 9, "mode": "actual512", "done": 54}
{"stage": 9, "mode": "actual512", "done": 55}
{"stage": 9, "mode": "actual512", "done": 56}
{"stage": 9, "mode": "actual512", "done": 57}
{"stage": 9, "mode": "actual512", "done": 58}
{"stage": 9, "mode": "actual512", "done": 59}
{"stage": 9, "mode": "actual512", "done": 60}
Visual probe complete: 480 answers.
