`Qwen2VLRotaryEmbedding` can now be fully parameterized by passing the model config through the `config` argument. All other arguments will be removed in v4.46
Loading checkpoint shards:   0%|          | 0/2 [00:00<?, ?it/s]Loading checkpoint shards:  50%|█████     | 1/2 [00:03<00:03,  3.28s/it]Loading checkpoint shards: 100%|██████████| 2/2 [00:03<00:00,  1.57s/it]Loading checkpoint shards: 100%|██████████| 2/2 [00:03<00:00,  1.83s/it]
TRAIN {"seed": 42, "epoch": 1, "step": 5, "total_steps": 141, "lr": 9.716312056737588e-05, "loss": 0.7809299528598785, "gradient_norm": 3.0958919525146484}
TRAIN {"seed": 42, "epoch": 1, "step": 10, "total_steps": 141, "lr": 9.361702127659576e-05, "loss": 0.6274251341819763, "gradient_norm": 2.3177692890167236}
TRAIN {"seed": 42, "epoch": 1, "step": 15, "total_steps": 141, "lr": 9.00709219858156e-05, "loss": 0.6018671542406082, "gradient_norm": 1.8847016096115112}
TRAIN {"seed": 42, "epoch": 1, "step": 20, "total_steps": 141, "lr": 8.652482269503547e-05, "loss": 0.7073765099048615, "gradient_norm": 3.163419008255005}
TRAIN {"seed": 42, "epoch": 1, "step": 25, "total_steps": 141, "lr": 8.297872340425533e-05, "loss": 0.6719701290130615, "gradient_norm": 2.363675355911255}
TRAIN {"seed": 42, "epoch": 1, "step": 30, "total_steps": 141, "lr": 7.943262411347518e-05, "loss": 0.6565006375312805, "gradient_norm": 2.163544178009033}
TRAIN {"seed": 42, "epoch": 1, "step": 35, "total_steps": 141, "lr": 7.588652482269504e-05, "loss": 0.6488692164421082, "gradient_norm": 2.080932855606079}
TRAIN {"seed": 42, "epoch": 1, "step": 40, "total_steps": 141, "lr": 7.23404255319149e-05, "loss": 0.7439403533935547, "gradient_norm": 1.7239854335784912}
TRAIN {"seed": 42, "epoch": 1, "step": 45, "total_steps": 141, "lr": 6.879432624113475e-05, "loss": 0.6047951877117157, "gradient_norm": 1.366408348083496}
SCORE {"seed": 42, "epoch": 1, "split": "dev", "n": 127, "candidate_accuracy": 37.00787401574803, "strict_accuracy": 37.00787401574803}
TRAIN {"seed": 42, "epoch": 2, "step": 50, "total_steps": 141, "lr": 6.524822695035462e-05, "loss": 0.5450769662857056, "gradient_norm": 1.5819979906082153}
TRAIN {"seed": 42, "epoch": 2, "step": 55, "total_steps": 141, "lr": 6.170212765957447e-05, "loss": 0.6674332916736603, "gradient_norm": 2.0221195220947266}
TRAIN {"seed": 42, "epoch": 2, "step": 60, "total_steps": 141, "lr": 5.8156028368794324e-05, "loss": 0.6719048917293549, "gradient_norm": 2.282968044281006}
TRAIN {"seed": 42, "epoch": 2, "step": 65, "total_steps": 141, "lr": 5.460992907801419e-05, "loss": 0.6178958415985107, "gradient_norm": 2.204289674758911}
TRAIN {"seed": 42, "epoch": 2, "step": 70, "total_steps": 141, "lr": 5.106382978723405e-05, "loss": 0.6610353887081146, "gradient_norm": 2.1096925735473633}
TRAIN {"seed": 42, "epoch": 2, "step": 75, "total_steps": 141, "lr": 4.751773049645391e-05, "loss": 0.49934694170951843, "gradient_norm": 1.789020299911499}
TRAIN {"seed": 42, "epoch": 2, "step": 80, "total_steps": 141, "lr": 4.397163120567376e-05, "loss": 0.5559757053852081, "gradient_norm": 2.8341519832611084}
TRAIN {"seed": 42, "epoch": 2, "step": 85, "total_steps": 141, "lr": 4.042553191489362e-05, "loss": 0.6947222352027893, "gradient_norm": 2.630579710006714}
TRAIN {"seed": 42, "epoch": 2, "step": 90, "total_steps": 141, "lr": 3.687943262411347e-05, "loss": 0.6328722536563873, "gradient_norm": 2.2572319507598877}
SCORE {"seed": 42, "epoch": 2, "split": "dev", "n": 127, "candidate_accuracy": 38.582677165354326, "strict_accuracy": 38.582677165354326}
TRAIN {"seed": 42, "epoch": 3, "step": 95, "total_steps": 141, "lr": 3.333333333333334e-05, "loss": 0.6106972694396973, "gradient_norm": 2.161468267440796}
TRAIN {"seed": 42, "epoch": 3, "step": 100, "total_steps": 141, "lr": 2.9787234042553192e-05, "loss": 0.6437299251556396, "gradient_norm": 2.899210214614868}
TRAIN {"seed": 42, "epoch": 3, "step": 105, "total_steps": 141, "lr": 2.6241134751773055e-05, "loss": 0.6170742809772491, "gradient_norm": 1.9813838005065918}
TRAIN {"seed": 42, "epoch": 3, "step": 110, "total_steps": 141, "lr": 2.269503546099291e-05, "loss": 0.6609844863414764, "gradient_norm": 2.082740306854248}
TRAIN {"seed": 42, "epoch": 3, "step": 115, "total_steps": 141, "lr": 1.9148936170212772e-05, "loss": 0.5554341673851013, "gradient_norm": 2.935824394226074}
TRAIN {"seed": 42, "epoch": 3, "step": 120, "total_steps": 141, "lr": 1.5602836879432626e-05, "loss": 0.581862673163414, "gradient_norm": 3.0170905590057373}
TRAIN {"seed": 42, "epoch": 3, "step": 125, "total_steps": 141, "lr": 1.2056737588652478e-05, "loss": 0.5670742690563202, "gradient_norm": 2.72507643699646}
TRAIN {"seed": 42, "epoch": 3, "step": 130, "total_steps": 141, "lr": 8.510638297872341e-06, "loss": 0.6005580425262451, "gradient_norm": 2.7328946590423584}
TRAIN {"seed": 42, "epoch": 3, "step": 135, "total_steps": 141, "lr": 4.964539007092195e-06, "loss": 0.6396546065807343, "gradient_norm": 3.3307271003723145}
TRAIN {"seed": 42, "epoch": 3, "step": 140, "total_steps": 141, "lr": 1.418439716312059e-06, "loss": 0.7865366339683533, "gradient_norm": 2.8129429817199707}
SCORE {"seed": 42, "epoch": 3, "split": "dev", "n": 127, "candidate_accuracy": 42.51968503937008, "strict_accuracy": 42.51968503937008}
SCORE {"seed": 42, "epoch": 3, "split": "test", "n": 131, "candidate_accuracy": 45.80152671755725, "strict_accuracy": 45.80152671755725}
SCORE {"seed": 42, "epoch": 3, "split": "test_no_image", "n": 131, "candidate_accuracy": 29.00763358778626, "strict_accuracy": 29.00763358778626}
TRAIN {"seed": 43, "epoch": 1, "step": 5, "total_steps": 141, "lr": 9.716312056737588e-05, "loss": 0.5287064015865326, "gradient_norm": 1.751908779144287}
TRAIN {"seed": 43, "epoch": 1, "step": 10, "total_steps": 141, "lr": 9.361702127659576e-05, "loss": 0.49553056061267853, "gradient_norm": 1.723892092704773}
TRAIN {"seed": 43, "epoch": 1, "step": 15, "total_steps": 141, "lr": 9.00709219858156e-05, "loss": 0.8095122873783112, "gradient_norm": 2.976957082748413}
TRAIN {"seed": 43, "epoch": 1, "step": 20, "total_steps": 141, "lr": 8.652482269503547e-05, "loss": 0.8036904036998749, "gradient_norm": 3.233161449432373}
TRAIN {"seed": 43, "epoch": 1, "step": 25, "total_steps": 141, "lr": 8.297872340425533e-05, "loss": 0.7008548378944397, "gradient_norm": 1.7118427753448486}
TRAIN {"seed": 43, "epoch": 1, "step": 30, "total_steps": 141, "lr": 7.943262411347518e-05, "loss": 0.7055968344211578, "gradient_norm": 2.3680858612060547}
TRAIN {"seed": 43, "epoch": 1, "step": 35, "total_steps": 141, "lr": 7.588652482269504e-05, "loss": 0.7530512809753418, "gradient_norm": 2.9771318435668945}
TRAIN {"seed": 43, "epoch": 1, "step": 40, "total_steps": 141, "lr": 7.23404255319149e-05, "loss": 0.5974028408527374, "gradient_norm": 2.04447340965271}
TRAIN {"seed": 43, "epoch": 1, "step": 45, "total_steps": 141, "lr": 6.879432624113475e-05, "loss": 0.5813672244548798, "gradient_norm": 1.689815878868103}
SCORE {"seed": 43, "epoch": 1, "split": "dev", "n": 127, "candidate_accuracy": 42.51968503937008, "strict_accuracy": 42.51968503937008}
TRAIN {"seed": 43, "epoch": 2, "step": 50, "total_steps": 141, "lr": 6.524822695035462e-05, "loss": 0.6002962589263916, "gradient_norm": 2.2778186798095703}
TRAIN {"seed": 43, "epoch": 2, "step": 55, "total_steps": 141, "lr": 6.170212765957447e-05, "loss": 0.5413604974746704, "gradient_norm": 2.261810779571533}
TRAIN {"seed": 43, "epoch": 2, "step": 60, "total_steps": 141, "lr": 5.8156028368794324e-05, "loss": 0.592640221118927, "gradient_norm": 2.9112956523895264}
TRAIN {"seed": 43, "epoch": 2, "step": 65, "total_steps": 141, "lr": 5.460992907801419e-05, "loss": 0.6220229864120483, "gradient_norm": 2.270460367202759}
TRAIN {"seed": 43, "epoch": 2, "step": 70, "total_steps": 141, "lr": 5.106382978723405e-05, "loss": 0.5778663158416748, "gradient_norm": 3.1871678829193115}
TRAIN {"seed": 43, "epoch": 2, "step": 75, "total_steps": 141, "lr": 4.751773049645391e-05, "loss": 0.5911968946456909, "gradient_norm": 3.33113169670105}
TRAIN {"seed": 43, "epoch": 2, "step": 80, "total_steps": 141, "lr": 4.397163120567376e-05, "loss": 0.7611311674118042, "gradient_norm": 3.224775791168213}
TRAIN {"seed": 43, "epoch": 2, "step": 85, "total_steps": 141, "lr": 4.042553191489362e-05, "loss": 0.5246125161647797, "gradient_norm": 3.507254123687744}
TRAIN {"seed": 43, "epoch": 2, "step": 90, "total_steps": 141, "lr": 3.687943262411347e-05, "loss": 0.735028088092804, "gradient_norm": 3.025158643722534}
SCORE {"seed": 43, "epoch": 2, "split": "dev", "n": 127, "candidate_accuracy": 44.881889763779526, "strict_accuracy": 44.881889763779526}
TRAIN {"seed": 43, "epoch": 3, "step": 95, "total_steps": 141, "lr": 3.333333333333334e-05, "loss": 0.5918698906898499, "gradient_norm": 2.9733316898345947}
TRAIN {"seed": 43, "epoch": 3, "step": 100, "total_steps": 141, "lr": 2.9787234042553192e-05, "loss": 0.5135787725448608, "gradient_norm": 2.610724687576294}
TRAIN {"seed": 43, "epoch": 3, "step": 105, "total_steps": 141, "lr": 2.6241134751773055e-05, "loss": 0.5923970937728882, "gradient_norm": 6.347458362579346}
TRAIN {"seed": 43, "epoch": 3, "step": 110, "total_steps": 141, "lr": 2.269503546099291e-05, "loss": 0.5983254313468933, "gradient_norm": 4.0914530754089355}
TRAIN {"seed": 43, "epoch": 3, "step": 115, "total_steps": 141, "lr": 1.9148936170212772e-05, "loss": 0.5423474907875061, "gradient_norm": 2.751418113708496}
TRAIN {"seed": 43, "epoch": 3, "step": 120, "total_steps": 141, "lr": 1.5602836879432626e-05, "loss": 0.6285971403121948, "gradient_norm": 4.483009338378906}
TRAIN {"seed": 43, "epoch": 3, "step": 125, "total_steps": 141, "lr": 1.2056737588652478e-05, "loss": 0.6122334003448486, "gradient_norm": 3.1471126079559326}
TRAIN {"seed": 43, "epoch": 3, "step": 130, "total_steps": 141, "lr": 8.510638297872341e-06, "loss": 0.5876889228820801, "gradient_norm": 2.752969264984131}
TRAIN {"seed": 43, "epoch": 3, "step": 135, "total_steps": 141, "lr": 4.964539007092195e-06, "loss": 0.4765803962945938, "gradient_norm": 2.606415033340454}
TRAIN {"seed": 43, "epoch": 3, "step": 140, "total_steps": 141, "lr": 1.418439716312059e-06, "loss": 0.604249119758606, "gradient_norm": 2.773505449295044}
SCORE {"seed": 43, "epoch": 3, "split": "dev", "n": 127, "candidate_accuracy": 45.66929133858268, "strict_accuracy": 45.66929133858268}
SCORE {"seed": 43, "epoch": 3, "split": "test", "n": 131, "candidate_accuracy": 48.854961832061065, "strict_accuracy": 48.854961832061065}
SCORE {"seed": 43, "epoch": 3, "split": "test_no_image", "n": 131, "candidate_accuracy": 25.954198473282442, "strict_accuracy": 25.954198473282442}
TRAIN {"seed": 44, "epoch": 1, "step": 5, "total_steps": 141, "lr": 9.716312056737588e-05, "loss": 0.8422045111656189, "gradient_norm": 2.9374759197235107}
TRAIN {"seed": 44, "epoch": 1, "step": 10, "total_steps": 141, "lr": 9.361702127659576e-05, "loss": 0.48365847766399384, "gradient_norm": 2.1684703826904297}
TRAIN {"seed": 44, "epoch": 1, "step": 15, "total_steps": 141, "lr": 9.00709219858156e-05, "loss": 0.7149389982223511, "gradient_norm": 2.528919219970703}
TRAIN {"seed": 44, "epoch": 1, "step": 20, "total_steps": 141, "lr": 8.652482269503547e-05, "loss": 0.5738459527492523, "gradient_norm": 1.5932656526565552}
TRAIN {"seed": 44, "epoch": 1, "step": 25, "total_steps": 141, "lr": 8.297872340425533e-05, "loss": 0.6439312100410461, "gradient_norm": 1.797035813331604}
TRAIN {"seed": 44, "epoch": 1, "step": 30, "total_steps": 141, "lr": 7.943262411347518e-05, "loss": 0.6423519253730774, "gradient_norm": 2.392530679702759}
TRAIN {"seed": 44, "epoch": 1, "step": 35, "total_steps": 141, "lr": 7.588652482269504e-05, "loss": 0.5568835139274597, "gradient_norm": 1.5850067138671875}
TRAIN {"seed": 44, "epoch": 1, "step": 40, "total_steps": 141, "lr": 7.23404255319149e-05, "loss": 0.6268934905529022, "gradient_norm": 1.5355796813964844}
TRAIN {"seed": 44, "epoch": 1, "step": 45, "total_steps": 141, "lr": 6.879432624113475e-05, "loss": 0.61541947722435, "gradient_norm": 1.9904848337173462}
SCORE {"seed": 44, "epoch": 1, "split": "dev", "n": 127, "candidate_accuracy": 40.94488188976378, "strict_accuracy": 40.94488188976378}
TRAIN {"seed": 44, "epoch": 2, "step": 50, "total_steps": 141, "lr": 6.524822695035462e-05, "loss": 0.7749211192131042, "gradient_norm": 2.8374149799346924}
TRAIN {"seed": 44, "epoch": 2, "step": 55, "total_steps": 141, "lr": 6.170212765957447e-05, "loss": 0.6368427872657776, "gradient_norm": 1.3460687398910522}
TRAIN {"seed": 44, "epoch": 2, "step": 60, "total_steps": 141, "lr": 5.8156028368794324e-05, "loss": 0.6162024140357971, "gradient_norm": 2.0297634601593018}
TRAIN {"seed": 44, "epoch": 2, "step": 65, "total_steps": 141, "lr": 5.460992907801419e-05, "loss": 0.6307280957698822, "gradient_norm": 2.377840518951416}
TRAIN {"seed": 44, "epoch": 2, "step": 70, "total_steps": 141, "lr": 5.106382978723405e-05, "loss": 0.5015033781528473, "gradient_norm": 2.6420984268188477}
TRAIN {"seed": 44, "epoch": 2, "step": 75, "total_steps": 141, "lr": 4.751773049645391e-05, "loss": 0.6010858416557312, "gradient_norm": 2.354093074798584}
TRAIN {"seed": 44, "epoch": 2, "step": 80, "total_steps": 141, "lr": 4.397163120567376e-05, "loss": 0.867552787065506, "gradient_norm": 2.9908950328826904}
TRAIN {"seed": 44, "epoch": 2, "step": 85, "total_steps": 141, "lr": 4.042553191489362e-05, "loss": 0.726511150598526, "gradient_norm": 2.2667272090911865}
TRAIN {"seed": 44, "epoch": 2, "step": 90, "total_steps": 141, "lr": 3.687943262411347e-05, "loss": 0.7397705614566803, "gradient_norm": 3.993563413619995}
SCORE {"seed": 44, "epoch": 2, "split": "dev", "n": 127, "candidate_accuracy": 43.30708661417323, "strict_accuracy": 43.30708661417323}
TRAIN {"seed": 44, "epoch": 3, "step": 95, "total_steps": 141, "lr": 3.333333333333334e-05, "loss": 0.6098015606403351, "gradient_norm": 2.081557512283325}
TRAIN {"seed": 44, "epoch": 3, "step": 100, "total_steps": 141, "lr": 2.9787234042553192e-05, "loss": 0.48996634781360626, "gradient_norm": 2.034881830215454}
TRAIN {"seed": 44, "epoch": 3, "step": 105, "total_steps": 141, "lr": 2.6241134751773055e-05, "loss": 0.6462098360061646, "gradient_norm": 2.2677054405212402}
TRAIN {"seed": 44, "epoch": 3, "step": 110, "total_steps": 141, "lr": 2.269503546099291e-05, "loss": 0.4965953975915909, "gradient_norm": 3.112532615661621}
TRAIN {"seed": 44, "epoch": 3, "step": 115, "total_steps": 141, "lr": 1.9148936170212772e-05, "loss": 0.621171772480011, "gradient_norm": 2.4647152423858643}
TRAIN {"seed": 44, "epoch": 3, "step": 120, "total_steps": 141, "lr": 1.5602836879432626e-05, "loss": 0.6451697647571564, "gradient_norm": 1.5737717151641846}
TRAIN {"seed": 44, "epoch": 3, "step": 125, "total_steps": 141, "lr": 1.2056737588652478e-05, "loss": 0.68268883228302, "gradient_norm": 2.7658355236053467}
TRAIN {"seed": 44, "epoch": 3, "step": 130, "total_steps": 141, "lr": 8.510638297872341e-06, "loss": 0.7455711662769318, "gradient_norm": 2.9375932216644287}
TRAIN {"seed": 44, "epoch": 3, "step": 135, "total_steps": 141, "lr": 4.964539007092195e-06, "loss": 0.6045612692832947, "gradient_norm": 3.2991113662719727}
TRAIN {"seed": 44, "epoch": 3, "step": 140, "total_steps": 141, "lr": 1.418439716312059e-06, "loss": 0.6000403165817261, "gradient_norm": 2.9875638484954834}
SCORE {"seed": 44, "epoch": 3, "split": "dev", "n": 127, "candidate_accuracy": 44.09448818897638, "strict_accuracy": 44.09448818897638}
SCORE {"seed": 44, "epoch": 3, "split": "test", "n": 131, "candidate_accuracy": 48.854961832061065, "strict_accuracy": 48.854961832061065}
SCORE {"seed": 44, "epoch": 3, "split": "test_no_image", "n": 131, "candidate_accuracy": 29.00763358778626, "strict_accuracy": 29.00763358778626}
