{
  "primary": [
    {
      "category": "Anatomy Identification",
      "arm": "base",
      "condition": "image",
      "n": 128,
      "accuracy": 80.46875,
      "strict_first_token_accuracy": 80.46875,
      "image_cluster_ci": [
        73.4375,
        86.71875
      ]
    },
    {
      "category": "Anatomy Identification",
      "arm": "base",
      "condition": "no_image",
      "n": 128,
      "accuracy": 34.375,
      "strict_first_token_accuracy": 34.375,
      "image_cluster_ci": [
        26.5625,
        42.96875
      ]
    },
    {
      "category": "Anatomy Identification",
      "arm": "base",
      "condition": "image_minus_no_image",
      "n": 128,
      "difference_pp": 46.09375,
      "image_cluster_ci": [
        35.9375,
        56.25
      ]
    },
    {
      "category": "Anatomy Identification",
      "arm": "SFT_r8_mean",
      "condition": "image",
      "n": 128,
      "accuracy": 83.85416666666666,
      "strict_first_token_accuracy": 83.85416666666666,
      "image_cluster_ci": [
        77.08333333333334,
        89.84375
      ]
    },
    {
      "category": "Anatomy Identification",
      "arm": "SFT_r8_mean",
      "condition": "no_image",
      "n": 128,
      "accuracy": 31.770833333333332,
      "strict_first_token_accuracy": 31.770833333333332,
      "image_cluster_ci": [
        24.21875,
        39.84375
      ]
    },
    {
      "category": "Anatomy Identification",
      "arm": "SFT_r8_mean",
      "condition": "image_minus_no_image",
      "n": 128,
      "difference_pp": 52.083333333333336,
      "image_cluster_ci": [
        42.44791666666667,
        61.71875
      ]
    },
    {
      "category": "Disease Diagnosis",
      "arm": "base",
      "condition": "image",
      "n": 512,
      "accuracy": 52.9296875,
      "strict_first_token_accuracy": 52.9296875,
      "image_cluster_ci": [
        48.4375,
        57.2265625
      ]
    },
    {
      "category": "Disease Diagnosis",
      "arm": "base",
      "condition": "no_image",
      "n": 512,
      "accuracy": 43.359375,
      "strict_first_token_accuracy": 43.359375,
      "image_cluster_ci": [
        39.0625,
        47.65625
      ]
    },
    {
      "category": "Disease Diagnosis",
      "arm": "base",
      "condition": "image_minus_no_image",
      "n": 512,
      "difference_pp": 9.5703125,
      "image_cluster_ci": [
        4.8828125,
        14.2578125
      ]
    },
    {
      "category": "Disease Diagnosis",
      "arm": "SFT_r8_mean",
      "condition": "image",
      "n": 512,
      "accuracy": 56.575520833333336,
      "strict_first_token_accuracy": 56.575520833333336,
      "image_cluster_ci": [
        52.083333333333336,
        60.872395833333336
      ]
    },
    {
      "category": "Disease Diagnosis",
      "arm": "SFT_r8_mean",
      "condition": "no_image",
      "n": 512,
      "accuracy": 45.83333333333333,
      "strict_first_token_accuracy": 45.83333333333333,
      "image_cluster_ci": [
        41.47135416666667,
        50.130208333333336
      ]
    },
    {
      "category": "Disease Diagnosis",
      "arm": "SFT_r8_mean",
      "condition": "image_minus_no_image",
      "n": 512,
      "difference_pp": 10.7421875,
      "image_cluster_ci": [
        6.184895833333334,
        15.625
      ]
    },
    {
      "category": "Lesion Grading",
      "arm": "base",
      "condition": "image",
      "n": 128,
      "accuracy": 37.5,
      "strict_first_token_accuracy": 37.5,
      "image_cluster_ci": [
        28.90625,
        46.09375
      ]
    },
    {
      "category": "Lesion Grading",
      "arm": "base",
      "condition": "no_image",
      "n": 128,
      "accuracy": 30.46875,
      "strict_first_token_accuracy": 30.46875,
      "image_cluster_ci": [
        22.65625,
        38.28125
      ]
    },
    {
      "category": "Lesion Grading",
      "arm": "base",
      "condition": "image_minus_no_image",
      "n": 128,
      "difference_pp": 7.03125,
      "image_cluster_ci": [
        -0.78125,
        14.84375
      ]
    },
    {
      "category": "Lesion Grading",
      "arm": "SFT_r8_mean",
      "condition": "image",
      "n": 128,
      "accuracy": 42.70833333333333,
      "strict_first_token_accuracy": 42.70833333333333,
      "image_cluster_ci": [
        34.11458333333333,
        51.5625
      ]
    },
    {
      "category": "Lesion Grading",
      "arm": "SFT_r8_mean",
      "condition": "no_image",
      "n": 128,
      "accuracy": 33.85416666666667,
      "strict_first_token_accuracy": 33.85416666666667,
      "image_cluster_ci": [
        25.78125,
        42.1875
      ]
    },
    {
      "category": "Lesion Grading",
      "arm": "SFT_r8_mean",
      "condition": "image_minus_no_image",
      "n": 128,
      "difference_pp": 8.854166666666668,
      "image_cluster_ci": [
        -0.26041666666666663,
        18.229166666666664
      ]
    },
    {
      "category": "Modality Recognition",
      "arm": "base",
      "condition": "image",
      "n": 128,
      "accuracy": 93.75,
      "strict_first_token_accuracy": 93.75,
      "image_cluster_ci": [
        89.0625,
        97.65625
      ]
    },
    {
      "category": "Modality Recognition",
      "arm": "base",
      "condition": "no_image",
      "n": 128,
      "accuracy": 41.40625,
      "strict_first_token_accuracy": 41.40625,
      "image_cluster_ci": [
        32.8125,
        50.0
      ]
    },
    {
      "category": "Modality Recognition",
      "arm": "base",
      "condition": "image_minus_no_image",
      "n": 128,
      "difference_pp": 52.34375,
      "image_cluster_ci": [
        43.75,
        60.9375
      ]
    },
    {
      "category": "Modality Recognition",
      "arm": "SFT_r8_mean",
      "condition": "image",
      "n": 128,
      "accuracy": 92.1875,
      "strict_first_token_accuracy": 92.1875,
      "image_cluster_ci": [
        87.5,
        96.61458333333334
      ]
    },
    {
      "category": "Modality Recognition",
      "arm": "SFT_r8_mean",
      "condition": "no_image",
      "n": 128,
      "accuracy": 41.92708333333333,
      "strict_first_token_accuracy": 41.92708333333333,
      "image_cluster_ci": [
        33.59375,
        50.78125
      ]
    },
    {
      "category": "Modality Recognition",
      "arm": "SFT_r8_mean",
      "condition": "image_minus_no_image",
      "n": 128,
      "difference_pp": 50.260416666666664,
      "image_cluster_ci": [
        41.399739583333336,
        59.114583333333336
      ]
    },
    {
      "category": "Other Biological Attributes",
      "arm": "base",
      "condition": "image",
      "n": 128,
      "accuracy": 64.84375,
      "strict_first_token_accuracy": 64.84375,
      "image_cluster_ci": [
        56.25,
        73.4375
      ]
    },
    {
      "category": "Other Biological Attributes",
      "arm": "base",
      "condition": "no_image",
      "n": 128,
      "accuracy": 64.84375,
      "strict_first_token_accuracy": 64.84375,
      "image_cluster_ci": [
        56.25,
        72.65625
      ]
    },
    {
      "category": "Other Biological Attributes",
      "arm": "base",
      "condition": "image_minus_no_image",
      "n": 128,
      "difference_pp": 0.0,
      "image_cluster_ci": [
        -5.46875,
        5.46875
      ]
    },
    {
      "category": "Other Biological Attributes",
      "arm": "SFT_r8_mean",
      "condition": "image",
      "n": 128,
      "accuracy": 64.58333333333334,
      "strict_first_token_accuracy": 64.58333333333334,
      "image_cluster_ci": [
        56.25,
        72.65625
      ]
    },
    {
      "category": "Other Biological Attributes",
      "arm": "SFT_r8_mean",
      "condition": "no_image",
      "n": 128,
      "accuracy": 63.541666666666664,
      "strict_first_token_accuracy": 63.541666666666664,
      "image_cluster_ci": [
        54.947916666666664,
        71.61458333333334
      ]
    },
    {
      "category": "Other Biological Attributes",
      "arm": "SFT_r8_mean",
      "condition": "image_minus_no_image",
      "n": 128,
      "difference_pp": 1.0416666666666665,
      "image_cluster_ci": [
        -4.166666666666666,
        6.25
      ]
    },
    {
      "category": "ALL",
      "arm": "base",
      "condition": "image",
      "n": 1024,
      "accuracy": 61.03515625,
      "strict_first_token_accuracy": 61.03515625,
      "image_cluster_ci": [
        57.97191040906472,
        64.09020810462508
      ]
    },
    {
      "category": "ALL",
      "arm": "base",
      "condition": "no_image",
      "n": 1024,
      "accuracy": 43.06640625,
      "strict_first_token_accuracy": 43.06640625,
      "image_cluster_ci": [
        40.03905775479835,
        46.13124387855044
      ]
    },
    {
      "category": "ALL",
      "arm": "base",
      "condition": "image_minus_no_image",
      "n": 1024,
      "difference_pp": 17.96875,
      "image_cluster_ci": [
        14.6484375,
        21.297192642787994
      ]
    },
    {
      "category": "ALL",
      "arm": "SFT_r8_mean",
      "condition": "image",
      "n": 1024,
      "accuracy": 63.704427083333336,
      "strict_first_token_accuracy": 63.704427083333336,
      "image_cluster_ci": [
        60.617590539541766,
        66.66666666666666
      ]
    },
    {
      "category": "ALL",
      "arm": "SFT_r8_mean",
      "condition": "no_image",
      "n": 1024,
      "accuracy": 44.30338541666667,
      "strict_first_token_accuracy": 44.30338541666667,
      "image_cluster_ci": [
        41.30054546616193,
        47.332897429994425
      ]
    },
    {
      "category": "ALL",
      "arm": "SFT_r8_mean",
      "condition": "image_minus_no_image",
      "n": 1024,
      "difference_pp": 19.401041666666664,
      "image_cluster_ci": [
        16.04572113717786,
        22.764227642276424
      ]
    }
  ],
  "matched": [
    {
      "arm": "base",
      "n_pairs": 128,
      "rows": "coarse wrong, coarse correct",
      "columns": "diagnosis wrong, diagnosis correct",
      "table": [
        [
          2,
          6
        ],
        [
          52,
          68
        ]
      ],
      "coarse_accuracy": 93.75,
      "diagnosis_accuracy": 57.8125
    },
    {
      "arm": "SFT_r8_42",
      "n_pairs": 128,
      "rows": "coarse wrong, coarse correct",
      "columns": "diagnosis wrong, diagnosis correct",
      "table": [
        [
          2,
          6
        ],
        [
          43,
          77
        ]
      ],
      "coarse_accuracy": 93.75,
      "diagnosis_accuracy": 64.84375
    },
    {
      "arm": "SFT_r8_43",
      "n_pairs": 128,
      "rows": "coarse wrong, coarse correct",
      "columns": "diagnosis wrong, diagnosis correct",
      "table": [
        [
          2,
          7
        ],
        [
          43,
          76
        ]
      ],
      "coarse_accuracy": 92.96875,
      "diagnosis_accuracy": 64.84375
    },
    {
      "arm": "SFT_r8_44",
      "n_pairs": 128,
      "rows": "coarse wrong, coarse correct",
      "columns": "diagnosis wrong, diagnosis correct",
      "table": [
        [
          2,
          6
        ],
        [
          40,
          80
        ]
      ],
      "coarse_accuracy": 93.75,
      "diagnosis_accuracy": 67.1875
    }
  ],
  "probe": [
    {
      "source": "ISIC2019",
      "n": 48,
      "classes": [
        "basal cell carcinoma",
        "benign keratosis",
        "melanocytic nevus",
        "melanoma"
      ],
      "linear_accuracy": 39.58333333333333,
      "linear_ci": [
        27.031250000000018,
        54.166666666666664
      ],
      "shuffle_accuracy": 20.833333333333336,
      "linear_balanced_accuracy": 39.10256410256411,
      "base": {
        "accuracy": 25.0,
        "accuracy_ci": [
          12.5,
          37.5
        ],
        "balanced_accuracy": 23.076923076923077,
        "linear_minus_lm_pp": 14.583333333333334,
        "difference_ci": [
          -2.083333333333333,
          31.25
        ],
        "linear_correct_lm_wrong_mean_count": 13.0
      },
      "SFT_r8_mean": {
        "accuracy": 30.555555555555557,
        "accuracy_ci": [
          18.055555555555554,
          43.75
        ],
        "balanced_accuracy": 28.205128205128204,
        "linear_minus_lm_pp": 9.027777777777777,
        "difference_ci": [
          -9.027777777777777,
          27.083333333333332
        ],
        "linear_correct_lm_wrong_mean_count": 12.333333333333334
      }
    },
    {
      "source": "Retinal OCT-C8",
      "n": 46,
      "classes": [
        "central serous retinopathy (csr)",
        "diabetic retinopathy (dr)",
        "drusen",
        "no abnormality detected (normal)"
      ],
      "linear_accuracy": 76.08695652173914,
      "linear_ci": [
        63.04347826086957,
        86.95652173913044
      ],
      "shuffle_accuracy": 28.26086956521739,
      "linear_balanced_accuracy": 75.75757575757575,
      "base": {
        "accuracy": 28.26086956521739,
        "accuracy_ci": [
          15.217391304347828,
          41.30434782608695
        ],
        "balanced_accuracy": 27.27272727272727,
        "linear_minus_lm_pp": 47.82608695652174,
        "difference_ci": [
          30.434782608695656,
          65.21739130434783
        ],
        "linear_correct_lm_wrong_mean_count": 24.0
      },
      "SFT_r8_mean": {
        "accuracy": 28.26086956521739,
        "accuracy_ci": [
          15.217391304347824,
          41.30434782608695
        ],
        "balanced_accuracy": 27.27272727272727,
        "linear_minus_lm_pp": 47.82608695652174,
        "difference_ci": [
          30.43478260869565,
          65.21739130434783
        ],
        "linear_correct_lm_wrong_mean_count": 24.0
      }
    },
    {
      "source": "Fitzpatrick 17k",
      "n": 37,
      "classes": [
        "benign epidermal.",
        "genodermatoses.",
        "inflammatory.",
        "malignant epidermal."
      ],
      "linear_accuracy": 78.37837837837837,
      "linear_ci": [
        64.86486486486487,
        91.8918918918919
      ],
      "shuffle_accuracy": 24.324324324324326,
      "linear_balanced_accuracy": 80.66239316239316,
      "base": {
        "accuracy": 32.432432432432435,
        "accuracy_ci": [
          18.91891891891892,
          48.64864864864865
        ],
        "balanced_accuracy": 29.594017094017094,
        "linear_minus_lm_pp": 45.94594594594595,
        "difference_ci": [
          24.324324324324326,
          64.86486486486487
        ],
        "linear_correct_lm_wrong_mean_count": 20.0
      },
      "SFT_r8_mean": {
        "accuracy": 34.234234234234236,
        "accuracy_ci": [
          18.918918918918916,
          49.549549549549546
        ],
        "balanced_accuracy": 31.908831908831914,
        "linear_minus_lm_pp": 44.14414414414414,
        "difference_ci": [
          22.52252252252252,
          64.86486486486487
        ],
        "linear_correct_lm_wrong_mean_count": 19.666666666666668
      }
    }
  ],
  "probe_selection": [
    {
      "source": "ISIC2019",
      "classes": [
        "basal cell carcinoma",
        "benign keratosis",
        "melanocytic nevus",
        "melanoma"
      ],
      "train_n": 137,
      "dev_n": 46,
      "test_n": 48,
      "lambda_selected": 10.0,
      "dev_accuracy": 0.41304347826086957,
      "test_accuracy": 0.3958333333333333,
      "shuffle_accuracy": 0.20833333333333334
    },
    {
      "source": "Retinal OCT-C8",
      "classes": [
        "central serous retinopathy (csr)",
        "diabetic retinopathy (dr)",
        "drusen",
        "no abnormality detected (normal)"
      ],
      "train_n": 129,
      "dev_n": 45,
      "test_n": 46,
      "lambda_selected": 0.001,
      "dev_accuracy": 0.7777777777777778,
      "test_accuracy": 0.7608695652173914,
      "shuffle_accuracy": 0.2826086956521739
    },
    {
      "source": "Fitzpatrick 17k",
      "classes": [
        "benign epidermal.",
        "genodermatoses.",
        "inflammatory.",
        "malignant epidermal."
      ],
      "train_n": 106,
      "dev_n": 36,
      "test_n": 37,
      "lambda_selected": 10.0,
      "dev_accuracy": 0.5555555555555556,
      "test_accuracy": 0.7837837837837838,
      "shuffle_accuracy": 0.24324324324324326
    }
  ],
  "prediction_rows": 11288,
  "unit": "SHA image clusters; patient identity unavailable; checkpoint means not independent extra patients",
  "interpretation": "Frozen feature readout measures recoverability of dataset labels after supervised readout fitting, not verified clinical finding recognition or causal explanation of diagnostic failure."
}
