read test-00000-of-00016.parquet 1120
read test-00001-of-00016.parquet 2240
read test-00002-of-00016.parquet 3360
read test-00003-of-00016.parquet 4480
read test-00004-of-00016.parquet 5600
read test-00005-of-00016.parquet 6720
read test-00006-of-00016.parquet 7840
read test-00007-of-00016.parquet 8960
read test-00008-of-00016.parquet 10080
read test-00009-of-00016.parquet 11200
read test-00010-of-00016.parquet 12320
read test-00011-of-00016.parquet 13440
read test-00012-of-00016.parquet 14560
read test-00013-of-00016.parquet 15680
read test-00014-of-00016.parquet 16800
read test-00015-of-00016.parquet 17919
selected Disease Diagnosis 512 {'ACRIMA': 17, 'ALL Challenge': 17, 'Adam Challenge': 17, 'BreakHis': 17, 'COVIDx CXR-4': 17, 'CRC100k': 17, 'Chest CT Scan': 17, 'Chest X-Ray PA': 17, 'CoronaHack': 17, 'Covid CT': 17, 'Covid-19 tianchi': 17, 'Covid19 heywhale': 17, 'Fitzpatrick 17k': 17, 'ISBI2016': 17, 'ISIC2018': 17, 'ISIC2019': 17, 'ISIC2020': 17, 'JSIEC': 17, 'MAlig Lymph': 12, 'MHSMA': 17, 'MIAS': 11, 'Monkeypox Skin Image 2022': 17, 'Mura': 17, 'NLM- Malaria Data': 15, 'OCT & X-Ray 2017': 17, 'PAD-UFES-20': 17, 'PALM2019': 16, 'Pulmonary Chest MC': 3, 'Pulmonary Chest Shenzhen': 16, 'RadImageNet': 16, 'Retinal OCT-C8': 16, 'SARS-CoV-2 CT-scan': 16}
selected Anatomy Identification 128 {'BioMediTech': 7, 'Blood Cell': 7, 'COVIDx CXR-4': 7, 'CRC100k': 7, 'Chest X-Ray PA': 6, 'CoronaHack': 6, 'Covid CT': 6, 'Covid-19 tianchi': 3, 'Covid19 heywhale': 6, 'HuSHeM': 6, 'ISBI2016': 6, 'ISIC2018': 6, 'MAlig Lymph': 6, 'MIAS': 6, 'Mura': 6, 'OCT & X-Ray 2017': 6, 'OLIVES': 6, 'Pulmonary Chest MC': 1, 'Pulmonary Chest Shenzhen': 6, 'RUS CHN': 6, 'RadImageNet': 6, 'SARS-CoV-2 CT-scan': 6}
selected Modality Recognition 128 {'ACRIMA': 4, 'ALL Challenge': 4, 'Adam Challenge': 1, 'BioMediTech': 4, 'Blood Cell': 4, 'BreakHis': 4, 'COVIDx CXR-4': 4, 'CRC100k': 4, 'Chest CT Scan': 2, 'Chest X-Ray PA': 4, 'CoronaHack': 4, 'Covid CT': 4, 'Covid-19 tianchi': 1, 'Covid19 heywhale': 4, 'DRIMDB': 1, 'DeepDRiD': 4, 'Diabetic Retinopathy': 4, 'Fitzpatrick 17k': 4, 'HuSHeM': 1, 'ISBI2016': 4, 'ISIC2018': 4, 'ISIC2019': 4, 'ISIC2020': 4, 'JSIEC': 4, 'Knee Osteoarthritis': 4, 'MAlig Lymph': 2, 'MHSMA': 3, 'MIAS': 3, 'Monkeypox Skin Image 2022': 1, 'Mura': 3, 'NLM- Malaria Data': 1, 'OCT & X-Ray 2017': 3, 'OLIVES': 3, 'PAD-UFES-20': 3, 'PALM2019': 3, 'Pulmonary Chest Shenzhen': 2, 'RUS CHN': 3, 'RadImageNet': 3, 'Retinal OCT-C8': 3, 'SARS-CoV-2 CT-scan': 3, 'Yangxi': 3}
selected Other Biological Attributes 128 {'BioMediTech': 31, 'Chest CT Scan': 30, 'HuSHeM': 7, 'Retinal OCT-C8': 30, 'Yangxi': 30}
selected Lesion Grading 128 {'Chest CT Scan': 45, 'DRIMDB': 30, 'Diabetic Retinopathy': 53}
PREPARED 1024 128 [('ISIC2019', ['basal cell carcinoma', 'benign keratosis', 'melanocytic nevus', 'melanoma'], {'train': 137, 'dev': 46, 'test': 48}), ('Retinal OCT-C8', ['central serous retinopathy (csr)', 'diabetic retinopathy (dr)', 'drusen', 'no abnormality detected (normal)'], {'train': 129, 'dev': 45, 'test': 46}), ('Fitzpatrick 17k', ['benign epidermal.', 'genodermatoses.', 'inflammatory.', 'malignant epidermal.'], {'train': 106, 'dev': 36, 'test': 37})]
